stm32ipl_convert.c:498:16:STM32Ipl_ConvertRev	56	static
stm32ipl_convert.c:621:16:STM32Ipl_Convert	56	static
stm32ipl_convert.c:631:8:STM32Ipl_RGB565ToL	0	static
stm32ipl_convert.c:641:8:STM32Ipl_RGB565ToA	0	static
stm32ipl_convert.c:651:8:STM32Ipl_RGB565ToB	0	static
stm32ipl_convert.c:661:8:STM32Ipl_RGB888ToL	8	static
stm32ipl_convert.c:671:8:STM32Ipl_RGB888ToA	8	static
stm32ipl_convert.c:681:8:STM32Ipl_RGB888ToB	8	static
stm32ipl_convert.c:693:10:STM32Ipl_LABToRGB888	8	static
stm32ipl_convert.c:705:10:STM32Ipl_LABToRGB565	0	static
stm32ipl_convert.c:717:10:STM32Ipl_YUVToRGB565	0	static
stm32ipl_convert.c:729:10:STM32Ipl_YUVToRGB888	8	static
