imlib.c:25:6:point_init	0	static
imlib.c:31:6:point_copy	0	static
imlib.c:36:6:point_equal_fast	0	static
imlib.c:41:5:point_quadrance	4	static
imlib.c:48:6:point_rotate	40	static
imlib.c:57:6:point_min_area_rectangle	112	static
imlib.c:131:6:lb_clip_line	28	static
imlib.c:183:6:rectangle_init	4	static
imlib.c:191:6:rectangle_copy	0	static
imlib.c:196:6:rectangle_equal_fast	8	static
imlib.c:201:6:rectangle_overlap	16	static
imlib.c:214:6:rectangle_intersected	16	static
imlib.c:226:6:rectangle_united	16	static
imlib.c:242:6:image_init	4	static
imlib.c:250:6:image_copy	8	static
imlib.c:255:8:image_size	0	static
imlib.c:283:6:image_get_mask_pixel	8	static
imlib.c:413:8:imlib_rgb565_to_l	16	static,ignoring_inline_asm
imlib.c:426:8:imlib_rgb565_to_a	40	static,ignoring_inline_asm
imlib.c:441:8:imlib_rgb565_to_b	40	static,ignoring_inline_asm
imlib.c:457:8:imlib_rgb888_to_l	16	static,ignoring_inline_asm
imlib.c:471:8:imlib_rgb888_to_a	32	static,ignoring_inline_asm
imlib.c:487:8:imlib_rgb888_to_b	32	static,ignoring_inline_asm
imlib.c:503:10:imlib_lab_to_rgb888	48	static,ignoring_inline_asm
imlib.c:531:10:imlib_lab_to_rgb	32	static,ignoring_inline_asm
imlib.c:557:10:imlib_yuv_to_rgb	8	static
imlib.c:568:10:imlib_yuv_to_rgb888	16	static
imlib.c:1135:6:imlib_image_operation	48	static
imlib.c:1355:6:imlib_zero	80	static
imlib.c:1416:6:imlib_lens_corr	128	static,ignoring_inline_asm
imlib.c:1666:5:imlib_image_mean	36	static
imlib.c:1722:5:imlib_image_std	16	static,ignoring_inline_asm
imlib.c:1751:6:imlib_sepconv3	56	static,ignoring_inline_asm
