fp_vision_test.c:319:13:UartCmd_Run_Validation	8	static
fp_vision_test.c:490:13:UartCmd_Launch_Dump	8	static
fp_vision_test.c:542:13:UartCmd_Launch_Capture	8	static
fp_vision_test.c:761:13:UartCmd_Set_Camera_Mode	8	static
fp_vision_test.c:742:13:UartCmd_Write_Camera_Register	24	static
fp_vision_test.c:272:13:UartCmd_Run_NonRegression	16	static
fp_vision_test.c:1735:13:Uart_Tx.part.0	40	static
fp_vision_test.c:1163:17:count_dir.isra.0	72	static
fp_vision_test.c:1271:13:write_txt.isra.0	24	static
fp_vision_test.c:1229:13:write_raw.isra.0	32	static,ignoring_inline_asm
fp_vision_test.c:1201:13:write_bmp.isra.0	24	static
fp_vision_test.c:409:13:UartCmd_Upload_NonRegression_Report	8	static
fp_vision_test.c:427:13:UartCmd_Upload_Validation_Report	8	static
fp_vision_test.c:445:13:UartCmd_Upload_Timing_Report	8	static
fp_vision_test.c:636:13:UartCmd_Get_Dump_Output_Data_Size	16	static
fp_vision_test.c:474:13:UartCmd_Get_Validation_Final_Accuracy	16	static
fp_vision_test.c:618:13:UartCmd_Upload_Valid_Output	8	static
fp_vision_test.c:651:13:UartCmd_Upload_Dump_Output_Data	8	static
fp_vision_test.c:459:13:UartCmd_Upload_NonRegression_Debug_Report	24	static
fp_vision_test.c:598:13:UartCmd_Get_Valid_Output_Size	16	static
fp_vision_test.c:339:13:UartCmd_Get_NonRegression_Report_Size	16	static
fp_vision_test.c:359:13:UartCmd_Get_Validation_Report_Size	16	static
fp_vision_test.c:670:13:UartCmd_Get_Dump_Whole_Data_Size	16	static
fp_vision_test.c:379:13:UartCmd_Get_Timing_Report_Size	16	static
fp_vision_test.c:394:13:UartCmd_Get_NonRegression_Debug_Report_Size	16	static
fp_vision_test.c:713:13:UartCmd_Read_Camera_Register	40	static
fp_vision_test.c:574:13:UartCmd_Trigger_Capture	16	static
fp_vision_test.c:512:13:UartCmd_Trigger_Dump	16	static
fp_vision_test.c:1419:13:MemoryDumpInit	104	static
fp_vision_test.c:1591:13:OnBoardValidInit	112	static
fp_vision_test.c:1306:13:FrameCaptureInit	40	static
fp_vision_test.c:685:13:UartCmd_Upload_Dump_Whole_Data	24	static
fp_vision_test.c:2408:6:TEST_Init	104	static
fp_vision_test.c:2429:6:TEST_CmdIf_Check	24	static
fp_vision_test.c:2467:6:TEST_MainMenu	24	static
fp_vision_test.c:2573:6:TEST_GetNextDumpInput	176	static
fp_vision_test.c:2630:6:TEST_GetNextValidationInput	1104	static
fp_vision_test.c:2827:6:TEST_Run	392	static
fp_vision_test.c:3110:6:TEST_PostProcess	152	static
fp_vision_test.c:3135:6:HAL_UART_ErrorCallback	0	static
